I'm sorry, but errors were detected in your script. Please correct the
errors listed below, and try again.


File "game/script.rpy", line 9: expected '=' not found.
    define bg campus = "campus.jpg"
              ^

File "game/script.rpy", line 10: expected '=' not found.
    define bg library = "library.jpg"
              ^

Ren'Py Version: Ren'Py 8.3.7.25031702
Tue Apr  1 19:26:36 2025
